// Jest Snapshot v1, https://goo.gl/fbAQLP

exports[`Header component matches snapshot 1`] = `
<DocumentFragment>
  <div
    class="css-2vyz2w"
  >
    <header
      class="MuiPaper-root MuiPaper-elevation MuiPaper-elevation0 MuiAppBar-root MuiAppBar-colorPrimary MuiAppBar-positionStatic css-1twrj82-MuiPaper-root-MuiAppBar-root"
    >
      <div
        class="Header-inner"
      >
        <div
          class="MuiToolbar-root MuiToolbar-gutters MuiToolbar-regular css-hyum1k-MuiToolbar-root"
        >
          <a
            href="/"
          >
            <img
              alt="Crossfeed Icon Navigate Home"
              class="Header-logo"
              src="crossfeed.svg"
            />
          </a>
          <div
            class="Header-lgNav"
          >
            <div
              class="css-1ssxti9"
            >
              <a
                aria-current="page"
                class="NavItem-link NavItem-activeLink"
                href="/"
              >
                Overview
              </a>
            </div>
            <div
              class="css-1ssxti9"
            >
              <a
                class="NavItem-link"
                href="/inventory"
              >
                Inventory
              </a>
            </div>
          </div>
          <div
            class="Header-spacing"
          />
          <div
            class="SearchBar-wrapper css-yro7sz"
          >
            <div
              class="SearchBar-inner"
            >
              <svg
                aria-hidden="true"
                class="MuiSvgIcon-root MuiSvgIcon-fontSizeMedium SearchBar-icon css-i4bv87-MuiSvgIcon-root"
                data-testid="SearchOutlinedIcon"
                focusable="false"
                viewBox="0 0 24 24"
              >
                <path
                  d="M15.5 14h-.79l-.28-.27C15.41 12.59 16 11.11 16 9.5 16 5.91 13.09 3 9.5 3S3 5.91 3 9.5 5.91 16 9.5 16c1.61 0 3.09-.59 4.23-1.57l.27.28v.79l5 4.99L20.49 19l-4.99-5zm-6 0C7.01 14 5 11.99 5 9.5S7.01 5 9.5 5 14 7.01 14 9.5 11.99 14 9.5 14z"
                />
              </svg>
              <form>
                <input
                  class="SearchBar-inp"
                  placeholder="Search a domain, vuln, port, service, IP"
                  value=""
                />
              </form>
            </div>
          </div>
          <div
            class="MuiBox-root css-d0uhtl"
          >
            <button
              class="MuiButtonBase-root MuiButton-root MuiButton-text MuiButton-textPrimary MuiButton-sizeMedium MuiButton-textSizeMedium MuiButton-root MuiButton-text MuiButton-textPrimary MuiButton-sizeMedium MuiButton-textSizeMedium css-2oatfu-MuiButtonBase-root-MuiButton-root"
              style="color: white;"
              tabindex="0"
              type="button"
            >
              <span
                class="MuiButton-startIcon MuiButton-iconSizeMedium css-1d6wzja-MuiButton-startIcon"
              >
                <svg
                  aria-hidden="true"
                  class="MuiSvgIcon-root MuiSvgIcon-fontSizeMedium css-i4bv87-MuiSvgIcon-root"
                  data-testid="AccountCircleIcon"
                  focusable="false"
                  viewBox="0 0 24 24"
                >
                  <path
                    d="M12 2C6.48 2 2 6.48 2 12s4.48 10 10 10 10-4.48 10-10S17.52 2 12 2zm0 4c1.93 0 3.5 1.57 3.5 3.5S13.93 13 12 13s-3.5-1.57-3.5-3.5S10.07 6 12 6zm0 14c-2.03 0-4.43-.82-6.14-2.88C7.55 15.8 9.68 15 12 15s4.45.8 6.14 2.12C16.43 19.18 14.03 20 12 20z"
                  />
                </svg>
              </span>
              My Account
              <span
                class="MuiButton-endIcon MuiButton-iconSizeMedium css-9tj150-MuiButton-endIcon"
              >
                <svg
                  aria-hidden="true"
                  class="MuiSvgIcon-root MuiSvgIcon-fontSizeMedium css-i4bv87-MuiSvgIcon-root"
                  data-testid="ArrowDropDownIcon"
                  focusable="false"
                  viewBox="0 0 24 24"
                >
                  <path
                    d="m7 10 5 5 5-5z"
                  />
                </svg>
              </span>
              <span
                class="MuiTouchRipple-root css-8je8zh-MuiTouchRipple-root"
              />
            </button>
          </div>
        </div>
      </div>
    </header>
  </div>
</DocumentFragment>
`;
