// Jest Snapshot v1, https://goo.gl/fbAQLP

exports[`Layout component matches snapshot 1`] = `
<DocumentFragment>
  <div
    class="MuiScopedCssBaseline-root Layout-overrides css-dwi7y5-MuiScopedCssBaseline-root"
  >
    <div
      class="Layout-root"
    >
      <div
        aria-label="warning label"
        class="MuiPaper-root MuiPaper-elevation MuiPaper-rounded MuiPaper-elevation0 MuiAlert-root MuiAlert-standardWarning MuiAlert-standard css-to2f46-MuiPaper-root-MuiAlert-root"
        role="alert"
      >
        <div
          class="MuiAlert-icon css-1ytlwq5-MuiAlert-icon"
        >
          <svg
            aria-hidden="true"
            class="MuiSvgIcon-root MuiSvgIcon-fontSizeInherit css-1vooibu-MuiSvgIcon-root"
            data-testid="ReportProblemOutlinedIcon"
            focusable="false"
            viewBox="0 0 24 24"
          >
            <path
              d="M12 5.99L19.53 19H4.47L12 5.99M12 2L1 21h22L12 2zm1 14h-2v2h2v-2zm0-6h-2v4h2v-4z"
            />
          </svg>
        </div>
        <div
          class="MuiAlert-message css-1pxa9xg-MuiAlert-message"
        >
          <div />
        </div>
      </div>
      <div>
        GOV_BANNER
      </div>
      <div>
        HEADER
      </div>
      <div
        class="Layout-content"
      />
      <div
        class="css-1ycjho2"
      >
        <div
          class="Footer-footerBox MuiBox-root css-0"
        >
          <div
            class="MuiGrid-root MuiGrid-container Footer-footerContainer css-11lq3yg-MuiGrid-root"
          >
            <div
              class="MuiGrid-root MuiGrid-item MuiGrid-grid-xs-12 MuiGrid-grid-sm-2 Footer-footerLogo css-6vomyv-MuiGrid-root"
            >
              <a
                class="MuiTypography-root MuiTypography-inherit MuiLink-root MuiLink-underlineAlways css-smdm7r-MuiTypography-root-MuiLink-root"
                href="/"
              >
                <img
                  alt="Crossfeed Icon Navigate Home"
                  src="crossfeed.svg"
                />
              </a>
            </div>
            <div
              class="MuiGrid-root MuiGrid-item MuiGrid-grid-xs-12 MuiGrid-grid-sm-2 Footer-footerNavItem css-6vomyv-MuiGrid-root"
            >
              <a
                class="MuiTypography-root MuiTypography-inherit MuiLink-root MuiLink-underlineAlways Footer-footerNavLink css-smdm7r-MuiTypography-root-MuiLink-root"
                href="/"
              >
                Home
              </a>
            </div>
            <div
              class="MuiGrid-root MuiGrid-item MuiGrid-grid-xs-12 MuiGrid-grid-sm-2 Footer-footerNavItem css-6vomyv-MuiGrid-root"
            >
              <p>
                <a
                  class="MuiTypography-root MuiTypography-inherit MuiLink-root MuiLink-underlineAlways Footer-footerNavLink css-smdm7r-MuiTypography-root-MuiLink-root"
                  href="https://docs.crossfeed.cyber.dhs.gov/"
                  target="_blank"
                >
                  Documentation
                </a>
              </p>
            </div>
            <div
              class="MuiGrid-root MuiGrid-item MuiGrid-grid-xs-12 MuiGrid-grid-sm-2 Footer-footerNavItem css-6vomyv-MuiGrid-root"
            >
              <p>
                <a
                  class="MuiTypography-root MuiTypography-inherit MuiLink-root MuiLink-underlineAlways Footer-footerNavLink css-smdm7r-MuiTypography-root-MuiLink-root"
                  href="https://www.cisa.gov"
                  target="_blank"
                >
                  CISA Homepage
                </a>
              </p>
            </div>
            <div
              class="MuiGrid-root MuiGrid-item MuiGrid-grid-xs-12 MuiGrid-grid-sm-2 Footer-footerNavItem css-6vomyv-MuiGrid-root"
            >
              <p>
                <a
                  class="MuiTypography-root MuiTypography-inherit MuiLink-root MuiLink-underlineAlways Footer-footerNavLink css-smdm7r-MuiTypography-root-MuiLink-root"
                  href="mailto:vulnerability@cisa.dhs.gov"
                >
                  Contact Us
                </a>
              </p>
            </div>
            <div
              class="MuiGrid-root MuiGrid-item MuiGrid-grid-xs-12 MuiGrid-grid-sm-2 Footer-footerNavItem css-6vomyv-MuiGrid-root"
            >
              <p>
                <a
                  class="MuiTypography-root MuiTypography-inherit MuiLink-root MuiLink-underlineAlways Footer-footerNavLink css-smdm7r-MuiTypography-root-MuiLink-root"
                  href="/"
                >
                  Logout
                </a>
              </p>
            </div>
          </div>
        </div>
      </div>
    </div>
  </div>
</DocumentFragment>
`;
